ex01_iv_bolus: 8/8 turns, unverified 5/48 before, 0/40 shown, 259 s
ex02_oral_1: 8/8 turns, unverified 5/43 before, 0/34 shown, 148 s
ex03_pk2_iv_bolus: 8/8 turns, unverified 4/38 before, 0/31 shown, 159 s
ex04_oral_1_lag: 8/8 turns, unverified 5/37 before, 0/29 shown, 125 s
ex05_iv_infusion: 8/8 turns, unverified 2/34 before, 0/32 shown, 123 s
ex06_oral_0: 8/8 turns, unverified 2/35 before, 0/33 shown, 133 s
ex07_iv_bolus: 8/8 turns, unverified 4/46 before, 0/39 shown, 165 s
ex08_oral_1: 8/8 turns, unverified 2/33 before, 0/31 shown, 132 s
ex09_pk2_oral_1: 8/8 turns, unverified 2/29 before, 0/27 shown, 197 s
ex10_oral_1_lag: 8/8 turns, unverified 2/40 before, 0/38 shown, 137 s
ex11_pk2_iv_bolus: 8/8 turns, unverified 2/36 before, 0/34 shown, 162 s
ex12_iv_infusion: 8/8 turns, unverified 3/44 before, 0/39 shown, 147 s
ex13_oral_1: 8/8 turns, unverified 2/37 before, 0/35 shown, 141 s
ex14_iv_bolus: 8/8 turns, unverified 4/40 before, 0/35 shown, 160 s
ex15_oral_0: 8/8 turns, unverified 4/35 before, 0/28 shown, 133 s
ex16_pk2_oral_1: 8/8 turns, unverified 4/41 before, 0/36 shown, 151 s
ex17_oral_1: 8/8 turns, unverified 2/32 before, 0/30 shown, 134 s
ex18_pk2_iv_bolus: 8/8 turns, unverified 2/33 before, 0/31 shown, 143 s
ex19_oral_1_lag: 8/8 turns, unverified 4/39 before, 0/32 shown, 149 s
ex20_iv_infusion: 8/8 turns, unverified 3/43 before, 0/38 shown, 148 s
ex21_oral_0: 8/8 turns, unverified 5/40 before, 0/32 shown, 237 s
ex22_pk2_oral_1: 8/8 turns, unverified 2/36 before, 0/36 shown, 145 s
ex23_iv_bolus: 8/8 turns, unverified 2/31 before, 0/29 shown, 162 s
ex24_pk2_iv_bolus: 8/8 turns, unverified 2/32 before, 0/30 shown, 101 s
ex25_oral_1: 8/8 turns, unverified 2/30 before, 0/28 shown, 137 s
hallucination: 76/932 before, 0/827 shown
report: C:\Users\abdou\apothicaire\agent\bench\runs\2026-10-09\report.md
